// Jest Snapshot v1, https://goo.gl/fbAQLP

exports[`error page matches snapshot 1`] = `ShallowWrapper {}`;
