// Jest Snapshot v1, https://goo.gl/fbAQLP

exports[`Pet should match the snapshot with all data passed in correctly 1`] = `ShallowWrapper {}`;
